******************************************************************************
                  TI ARM Linker PC v20.2.7                     
******************************************************************************
>> Linked Fri Dec  9 10:32:08 2022

OUTPUT FILE NAME:   <gpiointerrupt_CC3220S_LAUNCHXL_nortos_ccs.out>
ENTRY POINT SYMBOL: "resetISR"  address: 200129b9


MEMORY CONFIGURATION

         name            origin    length      used     unused   attr    fill
----------------------  --------  ---------  --------  --------  ----  --------
  SRAM2                 20000000   00004000  0000130c  00002cf4  RW X
  SRAM                  20004000   0003c000  00010306  0002bcfa  RW X
  LOG_DATA              90000000   00040000  00000000  00040000  R   


SEGMENT ALLOCATION MAP

run origin  load origin   length   init length attrs members
----------  ----------- ---------- ----------- ----- -------
20003000    20003000    00001000   00000000    rw-
  20003000    20003000    00001000   00000000    rw- .stack
20004000    20004000    00000040   00000040    r--
  20004000    20004000    00000040   00000040    r-- .resetVecs
20004040    20004040    00008000   00000000    rw-
  20004040    20004040    00008000   00000000    rw- .sysmem
2000c040    2000c040    00006f28   00006f28    r-x
  2000c040    2000c040    00006f28   00006f28    r-x .text
20012f68    20012f68    00000d3c   00000000    rw-
  20012f68    20012f68    000007a0   00000000    rw- .data
  20013708    20013708    0000059c   00000000    rw- .bss
20013ca4    20013ca4    0000051a   0000051a    r--
  20013ca4    20013ca4    0000051a   0000051a    r-- .const
200141c0    200141c0    00000148   00000148    r--
  200141c0    200141c0    00000148   00000148    r-- .cinit


SECTION ALLOCATION MAP

 output                                  attributes/
section   page    origin      length       input sections
--------  ----  ----------  ----------   ----------------
.text      0    2000c040    00006f28     
                  2000c040    00000a4e     rtsv7M4_T_le_eabi.lib : _printfi.c.obj (.text:__TI_printfi)
                  2000ca8e    00000002     ti_drivers_config.obj (.text:Board_initHook)
                  2000ca90    0000042c     driverlib.a : prcm.obj (.text:PRCMCC3200MCUInit)
                  2000cebc    00000288     drivers_cc32xx.a : UARTCC32XX.oem4 (.text:UARTCC32XX_open)
                  2000d144    00000268     rtsv7M4_T_le_eabi.lib : _printfi.c.obj (.text:_pconv_a)
                  2000d3ac    00000250     gpiointerrupt.obj (.text:initI2C)
                  2000d5fc    000001e4     drivers_cc32xx.a : GPIOCC32XX.oem4 (.text:GPIO_setConfig)
                  2000d7e0    000001cc     rtsv7M4_T_le_eabi.lib : _printfi.c.obj (.text:_pconv_g)
                  2000d9ac    000001b6                           : fd_add_t2.asm.obj (.text)
                  2000db62    00000002     drivers_cc32xx.a : I2C.oem4 (.text:I2C_init)
                  2000db64    0000019c     nortos_cc32xx.a : PowerCC32XX_nortos.oem4 (.text:PowerCC32XX_sleepPolicy)
                  2000dd00    00000188     gpiointerrupt.obj (.text:mainThread)
                  2000de88    00000148     drivers_cc32xx.a : I2CCC32XX.oem4 (.text:I2CCC32XX_hwiFxn)
                  2000dfd0    00000148                      : PowerCC32XX.oem4 (.text:parkPins)
                  2000e118    0000013c     rtsv7M4_T_le_eabi.lib : _printfi.c.obj (.text:_pconv_e)
                  2000e254    00000138     drivers_cc32xx.a : PowerCC32XX.oem4 (.text:Power_sleep)
                  2000e38c    00000136     rtsv7M4_T_le_eabi.lib : fd_div_t2.asm.obj (.text)
                  2000e4c2    00000002     nortos_cc32xx.a : PowerCC32XX_nortos.oem4 (.text:PowerCC32XX_initPolicy)
                  2000e4c4    00000128     drivers_cc32xx.a : TimerCC32XX.oem4 (.text:TimerCC32XX_open)
                  2000e5ec    00000122                      : I2C.oem4 (.text:I2C_transferTimeout)
                  2000e70e    00000002                      : TimerCC32XX.oem4 (.text:TimerCC32XX_init)
                  2000e710    00000120                      : UARTCC32XX.oem4 (.text:UARTCC32XX_close)
                  2000e830    00000120     rtsv7M4_T_le_eabi.lib : _printfi.c.obj (.text:fcvt)
                  2000e950    00000120     gpiointerrupt.obj (.text:readTemp)
                  2000ea70    00000114     rtsv7M4_T_le_eabi.lib : fputs.c.obj (.text:fputs)
                  2000eb84    00000100                           : memory.c.obj (.text:aligned_alloc)
                  2000ec84    000000fc     drivers_cc32xx.a : I2CCC32XX.oem4 (.text:I2C_open)
                  2000ed80    000000fc     rtsv7M4_T_le_eabi.lib : fd_mul_t2.asm.obj (.text)
                  2000ee7c    000000f2     drivers_cc32xx.a : UARTCC32XX.oem4 (.text:UARTCC32XX_control)
                  2000ef6e    00000002                      : UARTCC32XX.oem4 (.text:UARTCC32XX_init)
                  2000ef70    000000e4     rtsv7M4_T_le_eabi.lib : memory.c.obj (.text:free)
                  2000f054    000000dc                           : setvbuf.c.obj (.text:setvbuf)
                  2000f130    000000d0                           : s_scalbn.c.obj (.text:scalbn)
                  2000f200    000000ca     drivers_cc32xx.a : UARTCC32XX.oem4 (.text:UARTCC32XX_write)
                  2000f2ca    00000002     rtsv7M4_T_le_eabi.lib : _lock.c.obj (.text:_nop)
                  2000f2cc    000000c4     drivers_cc32xx.a : GPIOCC32XX.oem4 (.text:GPIO_init)
                  2000f390    000000c0                      : PowerCC32XX.oem4 (.text:restoreParkedPins)
                  2000f450    000000ba                      : UARTCC32XX.oem4 (.text:UARTCC32XX_readPolling)
                  2000f50a    00000002     nortos_cc32xx.a : startup_cc32xx_ccs.oem4 (.text:busFaultHandler)
                  2000f50c    000000b8     drivers_cc32xx.a : UARTCC32XX.oem4 (.text:initHw)
                  2000f5c4    000000b6                      : UARTCC32XX.oem4 (.text:readTaskCallback)
                  2000f67a    000000b2                      : I2CCC32XX.oem4 (.text:I2CCC32XX_completeTransfer)
                  2000f72c    000000b1     rtsv7M4_T_le_eabi.lib : _printfi.c.obj (.text:_ltostr)
                  2000f7dd    00000001     --HOLE-- [fill = 0]
                  2000f7de    000000b0     drivers_cc32xx.a : UARTCC32XX.oem4 (.text:readTaskBlocking)
                  2000f88e    000000ae                      : UARTCC32XX.oem4 (.text:readIsrTextBlocking)
                  2000f93c    000000a8                      : I2CCC32XX.oem4 (.text:I2CCC32XX_primeWriteBurst)
                  2000f9e4    000000a8     driverlib.a : interrupt.obj (.text:IntEnable)
                  2000fa8c    000000a8     drivers_cc32xx.a : PowerCC32XX.oem4 (.text:PowerCC32XX_configureWakeup)
                  2000fb34    000000a2                      : UARTCC32XX.oem4 (.text:readIsrTextCallback)
                  2000fbd6    000000a2                      : UARTCC32XX.oem4 (.text:writeData)
                  2000fc78    000000a0     nortos_cc32xx.a : SemaphoreP_nortos.oem4 (.text:SemaphoreP_pend)
                  2000fd18    0000009c     drivers_cc32xx.a : I2CCC32XX.oem4 (.text:I2CCC32XX_initHw)
                  2000fdb4    0000009c     rtsv7M4_T_le_eabi.lib : memcpy_t2.asm.obj (.text)
                  2000fe50    00000098     drivers_cc32xx.a : GPIOCC32XX.oem4 (.text:powerNotifyFxn)
                  2000fee8    00000096     rtsv7M4_T_le_eabi.lib : ull_div_t2.asm.obj (.text)
                  2000ff7e    00000002     nortos_cc32xx.a : SemaphoreP_nortos.oem4 (.text:clkFxn)
                  2000ff80    00000090     drivers_cc32xx.a : PowerCC32XX.oem4 (.text:restoreNVICRegs)
                  20010010    0000008c     nortos_cc32xx.a : HwiPCC32XX_nortos.oem4 (.text:HwiP_construct)
                  2001009c    0000008c     rtsv7M4_T_le_eabi.lib : fputc.c.obj (.text:fputc)
                  20010128    00000088     driverlib.a : interrupt.obj (.text:IntPendSet)
                  200101b0    00000088                 : pin.obj (.text:PinConfigSet)
                  20010238    00000088     drivers_cc32xx.a : TimerCC32XX.oem4 (.text:TimerCC32XX_setPeriod)
                  200102c0    00000086     rtsv7M4_T_le_eabi.lib : fd_cmp_t2.asm.obj (.text:__aeabi_cdcmple)
                  20010346    00000086                           : fd_cmp_t2.asm.obj (.text:__aeabi_cdrcmple)
                  200103cc    00000084     drivers_cc32xx.a : PowerCC32XX.oem4 (.text:Power_init)
                  20010450    00000084                      : PowerCC32XX.oem4 (.text:saveNVICRegs)
                  200104d4    00000080                      : PowerCC32XX.oem4 (.text:Power_setDependency)
                  20010554    0000007c                      : UARTCC32XX.oem4 (.text:readIsrBinaryBlocking)
                  200105d0    0000007a                      : I2CCC32XX.oem4 (.text:I2CCC32XX_primeReadBurst)
                  2001064a    0000007a     rtsv7M4_T_le_eabi.lib : fs_mul_t2.asm.obj (.text)
                  200106c4    0000007a                           : memset_t2.asm.obj (.text)
                  2001073e    00000002     nortos_cc32xx.a : startup_cc32xx_ccs.oem4 (.text:defaultHandler)
                  20010740    00000078     drivers_cc32xx.a : GPIOCC32XX.oem4 (.text:GPIO_hwiIntFxn)
                  200107b8    00000078                      : TimerCC32XX.oem4 (.text:TimerCC32XX_start)
                  20010830    00000078                      : UARTCC32XX.oem4 (.text:readIsrBinaryCallback)
                  200108a8    00000074                      : UARTCC32XX.oem4 (.text:UARTCC32XX_hwiIntFxn)
                  2001091c    00000074     rtsv7M4_T_le_eabi.lib : fclose.c.obj (.text:__TI_closefile)
                  20010990    00000070                           : memory.c.obj (.text:split)
                  20010a00    0000006e                           : _printfi.c.obj (.text:_mcpy)
                  20010a6e    00000002     nortos_cc32xx.a : startup_cc32xx_ccs.oem4 (.text:faultISR)
                  20010a70    0000006c     rtsv7M4_T_le_eabi.lib : hostrename.c.obj (.text:HOSTrename)
                  20010adc    0000006a     drivers_cc32xx.a : I2CCC32XX.oem4 (.text:I2CSupport_primeTransfer)
                  20010b46    00000002     nortos_cc32xx.a : startup_cc32xx_ccs.oem4 (.text:nmiISR)
                  20010b48    00000068     rtsv7M4_T_le_eabi.lib : hostlseek.c.obj (.text:HOSTlseek)
                  20010bb0    00000068                           : copy_decompress_lzss.c.obj (.text:decompress:lzss:__TI_decompress_lzss)
                  20010c18    00000068                           : printf.c.obj (.text:printf)
                  20010c80    00000066     drivers_cc32xx.a : UARTCC32XX.oem4 (.text:UARTCC32XX_writeCancel)
                  20010ce6    00000002     rtsv7M4_T_le_eabi.lib : div0.asm.obj (.text)
                  20010ce8    00000064     drivers_cc32xx.a : PowerCC32XX.oem4 (.text:PowerCC32XX_setParkState)
                  20010d4c    00000064     rtsv7M4_T_le_eabi.lib : fseek.c.obj (.text:fseek)
                  20010db0    00000062     drivers_cc32xx.a : UARTCC32XX.oem4 (.text:UARTCC32XX_writePolling)
                  20010e12    00000062     rtsv7M4_T_le_eabi.lib : _io_perm.c.obj (.text:__TI_wrt_ok)
                  20010e74    00000060                           : hostopen.c.obj (.text:HOSTopen)
                  20010ed4    00000060     driverlib.a : prcm.obj (.text:PRCMSysResetCauseGet)
                  20010f34    0000005c     drivers_cc32xx.a : GPIOCC32XX.oem4 (.text:GPIO_setCallback)
                  20010f90    0000005c     rtsv7M4_T_le_eabi.lib : close.c.obj (.text:close)
                  20010fec    0000005c                           : s_frexp.c.obj (.text:frexp)
                  20011048    0000005c     nortos_cc32xx.a : ClockPSysTick_nortos.oem4 (.text:sysTickInit)
                  200110a4    00000058     drivers_cc32xx.a : GPIOCC32XX.oem4 (.text:GPIO_write)
                  200110fc    00000058     rtsv7M4_T_le_eabi.lib : hostread.c.obj (.text:HOSTread)
                  20011154    00000058                           : hostwrite.c.obj (.text:HOSTwrite)
                  200111ac    00000058     driverlib.a : prcm.obj (.text:PRCMPeripheralReset)
                  20011204    00000058     drivers_cc32xx.a : PowerCC32XX.oem4 (.text:Power_releaseDependency)
                  2001125c    00000056                      : TimerCC32XX.oem4 (.text:TimerCC32XX_stop)
                  200112b2    00000056     rtsv7M4_T_le_eabi.lib : _printfi.c.obj (.text:_pconv_f)
                  20011308    00000054                           : _ltoa.c.obj (.text:__TI_ltoa)
                  2001135c    00000054     gpiointerrupt.obj (.text:initTimer)
                  200113b0    00000054     drivers_cc32xx.a : UARTCC32XX.oem4 (.text:ringBufGet)
                  20011404    00000052                      : PowerCC32XX_asm.oem4 (.text:PowerCC32XX_resumeLPDS)
                  20011456    00000052     rtsv7M4_T_le_eabi.lib : _printfi.c.obj (.text:_ecpy)
                  200114a8    00000052     drivers_cc32xx.a : TimerCC32XX.oem4 (.text:initHw)
                  200114fa    00000002     --HOLE-- [fill = 0]
                  200114fc    00000050     nortos_cc32xx.a : ClockPSysTick_nortos.oem4 (.text:ClockP_sysTickHandler)
                  2001154c    00000050                     : SemaphoreP_nortos.oem4 (.text:SemaphoreP_construct)
                  2001159c    00000050     drivers_cc32xx.a : TimerCC32XX.oem4 (.text:TimerCC32XX_allocateTimerResource)
                  200115ec    0000004c                      : GPIOCC32XX.oem4 (.text:GPIO_enableInt)
                  20011638    0000004c                      : I2CCC32XX.oem4 (.text:I2CCC32XX_readRecieveFifo)
                  20011684    0000004c                      : PowerCC32XX.oem4 (.text:PowerCC32XX_parkPin)
                  200116d0    0000004c     rtsv7M4_T_le_eabi.lib : fflush.c.obj (.text:__TI_doflush)
                  2001171c    0000004c                           : atoi.c.obj (.text:atoi)
                  20011768    0000004c     drivers_cc32xx.a : PowerCC32XX.oem4 (.text:restorePeriphClocks)
                  200117b4    0000004c     rtsv7M4_T_le_eabi.lib : snprintf.c.obj (.text:snprintf)
                  20011800    00000048     driverlib.a : flash.obj (.text:FlashDisable)
                  20011848    00000048                 : prcm.obj (.text:PRCMLPDSEnter)
                  20011890    00000048                 : prcm.obj (.text:PRCMPeripheralClkEnable)
                  200118d8    00000048     drivers_cc32xx.a : PowerCC32XX.oem4 (.text:Power_releaseConstraint)
                  20011920    00000048     rtsv7M4_T_le_eabi.lib : exit.c.obj (.text:exit)
                  20011968    00000048                           : fd_toi_t2.asm.obj (.text)
                  200119b0    00000046     drivers_cc32xx.a : RingBuf.oem4 (.text:RingBuf_put)
                  200119f6    00000046                      : TimerCC32XX.oem4 (.text:getPrescaler)
                  20011a3c    00000044     nortos_cc32xx.a : ClockPSysTick_nortos.oem4 (.text:ClockP_stop)
                  20011a80    00000044     rtsv7M4_T_le_eabi.lib : hostclose.c.obj (.text:HOSTclose)
                  20011ac4    00000044                           : hostunlink.c.obj (.text:HOSTunlink)
                  20011b08    00000044     driverlib.a : prcm.obj (.text:PRCMLPDSRestoreInfoSet)
                  20011b4c    00000044     drivers_cc32xx.a : PowerCC32XX_asm.oem4 (.text:PowerCC32XX_enterLPDS)
                  20011b90    00000044     nortos_cc32xx.a : SemaphoreP_nortos.oem4 (.text:SemaphoreP_post)
                  20011bd4    00000044                     : SwiP_nortos.oem4 (.text:SwiP_restore)
                  20011c18    00000044     drivers_cc32xx.a : Timer.oem4 (.text:Timer_init)
                  20011c5c    00000044                      : UART.oem4 (.text:UART_init)
                  20011ca0    00000044     rtsv7M4_T_le_eabi.lib : autoinit.c.obj (.text:__TI_auto_init_nobinit_nopinit:__TI_auto_init_nobinit_nopinit)
                  20011ce4    00000044                           : getdevice.c.obj (.text:getdevice)
                  20011d28    00000044     gpiointerrupt.obj (.text:initUART)
                  20011d6c    00000040     nortos_cc32xx.a : ClockPSysTick_nortos.oem4 (.text:ClockP_construct)
                  20011dac    00000040     driverlib.a : pin.obj (.text:PinModeSet)
                  20011dec    00000040     drivers_cc32xx.a : RingBuf.oem4 (.text:RingBuf_get)
                  20011e2c    00000040                      : Timer.oem4 (.text:Timer_open)
                  20011e6c    00000040                      : UARTCC32XX.oem4 (.text:UARTCC32XX_read)
                  20011eac    00000040                      : UART.oem4 (.text:UART_open)
                  20011eec    0000003e     rtsv7M4_T_le_eabi.lib : _printfi.c.obj (.text:_fcpy)
                  20011f2a    00000002     --HOLE-- [fill = 0]
                  20011f2c    0000003c     nortos_cc32xx.a : ClockPSysTick_nortos.oem4 (.text:ClockP_destruct)
                  20011f68    0000003c     drivers_cc32xx.a : PowerCC32XX.oem4 (.text:Power_setConstraint)
                  20011fa4    0000003a                      : TimerCC32XX.oem4 (.text:TimerCC32XX_close)
                  20011fde    0000003a     nortos_cc32xx.a : PowerCC32XX_nortos.oem4 (.text:getCountsRTC)
                  20012018    00000038     driverlib.a : prcm.obj (.text:PRCMLPDSEnterKeepDebugIf)
                  20012050    00000038     drivers_cc32xx.a : TimerCC32XX.oem4 (.text:TimerCC32XX_hwiIntFunction)
                  20012088    00000038     rtsv7M4_T_le_eabi.lib : trgmsg.c.obj (.text:__TI_writemsg)
                  200120c0    00000038     nortos_cc32xx.a : ClockPSysTick_nortos.oem4 (.text:addToList)
                  200120f8    00000038                     : startup_cc32xx_ccs.oem4 (.text:initVectors)
                  20012130    00000038     drivers_cc32xx.a : PowerCC32XX.oem4 (.text:notify)
                  20012168    00000038     rtsv7M4_T_le_eabi.lib : fs_toi_t2.asm.obj (.text)
                  200121a0    00000038                           : i_tofs_t2.asm.obj (.text)
                  200121d8    00000036     driverlib.a : timer.obj (.text:TimerControlStall)
                  2001220e    00000036     drivers_cc32xx.a : UARTCC32XX.oem4 (.text:UARTCC32XX_readCancel)
                  20012244    00000036     rtsv7M4_T_le_eabi.lib : strncpy.c.obj (.text:strncpy)
                  2001227a    00000002     --HOLE-- [fill = 0]
                  2001227c    00000034     nortos_cc32xx.a : ClockPSysTick_nortos.oem4 (.text:ClockP_getTicksUntilInterrupt)
                  200122b0    00000034                     : ClockPSysTick_nortos.oem4 (.text:ClockP_startup)
                  200122e4    00000034     driverlib.a : pin.obj (.text:PinModeGet)
                  20012318    00000034     drivers_cc32xx.a : PowerCC32XX.oem4 (.text:PowerCC32XX_restoreParkState)
                  2001234c    00000034                      : TimerCC32XX.oem4 (.text:TimerCC32XX_freeTimerResource)
                  20012380    00000034     rtsv7M4_T_le_eabi.lib : fopen.c.obj (.text:__TI_cleanup)
                  200123b4    00000034                           : trgmsg.c.obj (.text:__TI_readmsg)
                  200123e8    00000034     drivers_cc32xx.a : TimerCC32XX.oem4 (.text:getPowerMgrId)
                  2001241c    00000030     nortos_cc32xx.a : ClockPSysTick_nortos.oem4 (.text:ClockP_start)
                  2001244c    00000030     drivers_cc32xx.a : PowerCC32XX.oem4 (.text:PowerCC32XX_restoreParkedPin)
                  2001247c    00000030     rtsv7M4_T_le_eabi.lib : snprintf.c.obj (.text:_outs)
                  200124ac    00000030                           : getdevice.c.obj (.text:finddevice)
                  200124dc    0000002e                           : i_tofd_t2.asm.obj (.text)
                  2001250a    00000002     --HOLE-- [fill = 0]
                  2001250c    0000002c     drivers_cc32xx.a : PowerCC32XX.oem4 (.text:PowerCC32XX_getParkState)
                  20012538    0000002c     rtsv7M4_T_le_eabi.lib : unlink.c.obj (.text:unlink)
                  20012564    0000002a     nortos_cc32xx.a : HwiPCC32XX_nortos.oem4 (.text:HwiP_create)
                  2001258e    0000002a     driverlib.a : timer.obj (.text:TimerLoadSet)
                  200125b8    0000002a                 : timer.obj (.text:TimerPrescaleSet)
                  200125e2    00000028                 : i2c.obj (.text:I2CFIFODataPutNonBlocking)
                  2001260a    00000002     --HOLE-- [fill = 0]
                  2001260c    00000028                 : prcm.obj (.text:PRCMPeripheralClkDisable)
                  20012634    00000028     drivers_cc32xx.a : PowerCC32XX.oem4 (.text:Power_registerNotify)
                  2001265c    00000028     rtsv7M4_T_le_eabi.lib : memory.c.obj (.text:free_list_insert)
                  20012684    00000028                           : lseek.c.obj (.text:lseek)
                  200126ac    00000028                           : write.c.obj (.text:write)
                  200126d4    00000026     driverlib.a : i2c.obj (.text:I2CFIFODataGetNonBlocking)
                  200126fa    00000026     drivers_cc32xx.a : I2C.oem4 (.text:I2C_cancel)
                  20012720    00000026                      : List.oem4 (.text:List_put)
                  20012746    00000026                      : List.oem4 (.text:List_remove)
                  2001276c    00000024     nortos_cc32xx.a : HwiPCC32XX_nortos.oem4 (.text:HwiP_dispatch)
                  20012790    00000024     drivers_cc32xx.a : PowerCC32XX.oem4 (.text:PowerCC32XX_reset)
                  200127b4    00000024     rtsv7M4_T_le_eabi.lib : boot_cortex_m.c.obj (.text:_c_int00_noargs:_c_int00_noargs)
                  200127d8    00000022     driverlib.a : i2c.obj (.text:I2CMasterSlaveAddrSet)
                  200127fa    00000020     nortos_cc32xx.a : HwiPCC32XX_nortos.oem4 (.text:HwiP_destruct)
                  2001281a    00000002     --HOLE-- [fill = 0]
                  2001281c    00000020     drivers_cc32xx.a : PowerCC32XX.oem4 (.text:Power_unregisterNotify)
                  2001283c    00000020                      : RingBuf.oem4 (.text:RingBuf_peek)
                  2001285c    00000020                      : UARTCC32XX.oem4 (.text:getPowerMgrId)
                  2001287c    00000020     rtsv7M4_T_le_eabi.lib : memchr.c.obj (.text:memchr)
                  2001289c    0000001e     driverlib.a : i2c.obj (.text:I2CMasterIntStatusEx)
                  200128ba    0000001e     nortos_cc32xx.a : SemaphoreP_nortos.oem4 (.text:SemaphoreP_constructBinary)
                  200128d8    0000001e     driverlib.a : timer.obj (.text:TimerDisable)
                  200128f6    0000001e                 : timer.obj (.text:TimerEnable)
                  20012914    0000001c                 : pin.obj (.text:PinToPadGet)
                  20012930    0000001c     nortos_cc32xx.a : SwiP_nortos.oem4 (.text:SwiP_disable)
                  2001294c    0000001c     rtsv7M4_T_le_eabi.lib : memory.c.obj (.text:free_list_remove)
                  20012968    0000001c                           : memccpy.c.obj (.text:memccpy)
                  20012984    0000001a     nortos_cc32xx.a : ClockPSysTick_nortos.oem4 (.text:ClockP_create)
                  2001299e    0000001a                     : SemaphoreP_nortos.oem4 (.text:SemaphoreP_createBinary)
                  200129b8    0000001a                     : startup_cc32xx_ccs.oem4 (.text:resetISR)
                  200129d2    00000018     driverlib.a : i2c.obj (.text:I2CMasterBusBusy)
                  200129ea    00000018                 : i2c.obj (.text:I2CMasterIntDisableEx)
                  20012a02    00000018                 : i2c.obj (.text:I2CMasterIntEnableEx)
                  20012a1a    00000018                 : i2c.obj (.text:I2CRxFIFOFlush)
                  20012a32    00000018                 : i2c.obj (.text:I2CTxFIFOFlush)
                  20012a4a    00000002     --HOLE-- [fill = 0]
                  20012a4c    00000018     drivers_cc32xx.a : PowerCC32XX.oem4 (.text:Power_getTransitionLatency)
                  20012a64    00000018                      : PowerCC32XX.oem4 (.text:Power_idleFunc)
                  20012a7c    00000018                      : TimerCC32XX.oem4 (.text:TimerCC32XX_getCount)
                  20012a94    00000018     driverlib.a : timer.obj (.text:TimerIntDisable)
                  20012aac    00000018                 : timer.obj (.text:TimerIntEnable)
                  20012ac4    00000018                 : uart.obj (.text:UARTBusy)
                  20012adc    00000018                 : uart.obj (.text:UARTIntEnable)
                  20012af4    00000018     drivers_cc32xx.a : UART.oem4 (.text:UART_Params_init)
                  20012b0c    00000018     rtsv7M4_T_le_eabi.lib : snprintf.c.obj (.text:_outc)
                  20012b24    00000018     gpiointerrupt.obj (.text:gpioButtonFxn0)
                  20012b3c    00000018     gpiointerrupt.obj (.text:gpioButtonFxn1)
                  20012b54    00000018     rtsv7M4_T_le_eabi.lib : ll_mul_t2.asm.obj (.text)
                  20012b6c    00000018                           : strcmp.c.obj (.text:strcmp)
                  20012b84    00000018     gpiointerrupt.obj (.text:timerCallback)
                  20012b9c    00000016     driverlib.a : i2c.obj (.text:I2CMasterBurstLengthSet)
                  20012bb2    00000016                 : prcm.obj (.text:PRCMHIBRegRead)
                  20012bc8    00000016                 : prcm.obj (.text:PRCMHIBRegWrite)
                  20012bde    00000016     nortos_cc32xx.a : SemaphoreP_nortos.oem4 (.text:SemaphoreP_create)
                  20012bf4    00000016     rtsv7M4_T_le_eabi.lib : strchr.c.obj (.text:strchr)
                  20012c0a    00000014     driverlib.a : cpu.obj (.text:CPUcpsid)
                  20012c1e    00000002     --HOLE-- [fill = 0]
                  20012c20    00000014     nortos_cc32xx.a : HwiPCC32XX_nortos.oem4 (.text:HwiP_inISR)
                  20012c34    00000014     drivers_cc32xx.a : I2CCC32XX.oem4 (.text:I2CSupport_masterFinish)
                  20012c48    00000014                      : I2C.oem4 (.text:I2C_transfer)
                  20012c5c    00000014     driverlib.a : interrupt.obj (.text:IntVTableBaseSet)
                  20012c70    00000014     drivers_cc32xx.a : PowerCC32XX.oem4 (.text:Power_disablePolicy)
                  20012c84    00000014                      : PowerCC32XX.oem4 (.text:Power_getDependencyCount)
                  20012c98    00000014                      : UARTCC32XX.oem4 (.text:releasePowerConstraint)
                  20012cac    00000014     rtsv7M4_T_le_eabi.lib : strcpy.c.obj (.text:strcpy)
                  20012cc0    00000014                           : strlen.c.obj (.text:strlen)
                  20012cd4    00000012     nortos_cc32xx.a : HwiPCC32XX_nortos.oem4 (.text:HwiP_Params_init)
                  20012ce6    00000012     driverlib.a : i2c.obj (.text:I2CMasterIntClearEx)
                  20012cf8    00000012     drivers_cc32xx.a : RingBuf.oem4 (.text:RingBuf_construct)
                  20012d0a    00000012     driverlib.a : timer.obj (.text:TimerIntClear)
                  20012d1c    00000012     main_nortos.obj (.text:main)
                  20012d2e    00000012     rtsv7M4_T_le_eabi.lib : wcslen.c.obj (.text:wcslen)
                  20012d40    00000010     ti_drivers_config.obj (.text:Board_init)
                  20012d50    00000010     nortos_cc32xx.a : ClockPSysTick_nortos.oem4 (.text:ClockP_add)
                  20012d60    00000010                     : ClockPSysTick_nortos.oem4 (.text:ClockP_delete)
                  20012d70    00000010                     : ClockPSysTick_nortos.oem4 (.text:ClockP_getCpuFreq)
                  20012d80    00000010                     : ClockPSysTick_nortos.oem4 (.text:ClockP_getSystemTicks)
                  20012d90    00000010                     : ClockPSysTick_nortos.oem4 (.text:ClockP_setTicks)
                  20012da0    00000010                     : HwiPCC32XX_nortos.oem4 (.text:HwiP_delete)
                  20012db0    00000010                     : HwiPCC32XX_nortos.oem4 (.text:HwiP_restore)
                  20012dc0    00000010     driverlib.a : i2c.obj (.text:I2CFIFOStatus)
                  20012dd0    00000010     drivers_cc32xx.a : I2C.oem4 (.text:I2C_Params_init)
                  20012de0    00000010                      : PowerCC32XX.oem4 (.text:Power_enablePolicy)
                  20012df0    00000010     nortos_cc32xx.a : SemaphoreP_nortos.oem4 (.text:SemaphoreP_Params_init)
                  20012e00    00000010     drivers_cc32xx.a : Timer.oem4 (.text:Timer_Params_init)
                  20012e10    00000010                      : UARTCC32XX.oem4 (.text:readBlockingTimeout)
                  20012e20    0000000e     nortos_cc32xx.a : HwiPCC32XX_nortos.oem4 (.text:HwiP_clearInterrupt)
                  20012e2e    0000000e                     : HwiPCC32XX_nortos.oem4 (.text:HwiP_disable)
                  20012e3c    0000000e                     : HwiPCC32XX_nortos.oem4 (.text:HwiP_disableInterrupt)
                  20012e4a    0000000e                     : HwiPCC32XX_nortos.oem4 (.text:HwiP_enable)
                  20012e58    0000000e                     : HwiPCC32XX_nortos.oem4 (.text:HwiP_enableInterrupt)
                  20012e66    0000000e     drivers_cc32xx.a : I2CCC32XX.oem4 (.text:I2CCC32XX_updateReg)
                  20012e74    0000000e                      : RingBuf.oem4 (.text:RingBuf_isFull)
                  20012e82    0000000e     rtsv7M4_T_le_eabi.lib : copy_decompress_none.c.obj (.text:decompress:none:__TI_decompress_none)
                  20012e90    0000000c     drivers_cc32xx.a : I2CCC32XX.oem4 (.text:I2CCC32XX_postNotify)
                  20012e9c    0000000c                      : PowerCC32XX.oem4 (.text:Power_getConstraintMask)
                  20012ea8    0000000c     rtsv7M4_T_le_eabi.lib : s_copysign.c.obj (.text:copysign)
                  20012eb4    0000000c                           : copy_zero_init.c.obj (.text:decompress:ZI:__TI_zero_init)
                  20012ec0    0000000c     drivers_cc32xx.a : TimerCC32XX.oem4 (.text:postNotifyFxn)
                  20012ecc    0000000c                      : UARTCC32XX.oem4 (.text:postNotifyFxn)
                  20012ed8    0000000a     nortos_cc32xx.a : ClockPSysTick_nortos.oem4 (.text:ClockP_Params_init)
                  20012ee2    0000000a                     : ClockPSysTick_nortos.oem4 (.text:ClockP_isActive)
                  20012eec    0000000a     driverlib.a : interrupt.obj (.text:IntMasterDisable)
                  20012ef6    0000000a     drivers_cc32xx.a : Timer.oem4 (.text:Timer_start)
                  20012f00    0000000a                      : UART.oem4 (.text:UART_write)
                  20012f0a    00000008                      : I2CCC32XX.oem4 (.text:I2CCC32XX_blockingCallback)
                  20012f12    00000002     --HOLE-- [fill = 0]
                  20012f14    00000008     rtsv7M4_T_le_eabi.lib : errno.c.obj (.text:__aeabi_errno_addr)
                  20012f1c    00000008                           : memory.c.obj (.text:malloc)
                  20012f24    00000008     drivers_cc32xx.a : UARTCC32XX.oem4 (.text:readSemCallback)
                  20012f2c    00000008                      : UARTCC32XX.oem4 (.text:writeSemCallback)
                  20012f34    00000006                      : I2CCC32XX.oem4 (.text:I2CSupport_powerRelConstraint)
                  20012f3a    00000006                      : I2CCC32XX.oem4 (.text:I2CSupport_powerSetConstraint)
                  20012f40    00000006                      : TimerCC32XX.oem4 (.text:TimerCC32XX_control)
                  20012f46    00000006     driverlib.a : utils.obj (.text:UtilsDelay)
                  20012f4c    00000004     nortos_cc32xx.a : ClockPSysTick_nortos.oem4 (.text:ClockP_setTimeout)
                  20012f50    00000004                     : HwiPCC32XX_nortos.oem4 (.text:HwiP_post)
                  20012f54    00000004                     : SemaphoreP_nortos.oem4 (.text:SemaphoreP_delete)
                  20012f58    00000004     rtsv7M4_T_le_eabi.lib : printf.c.obj (.text:_outc)
                  20012f5c    00000004                           : printf.c.obj (.text:_outs)
                  20012f60    00000004                           : pre_init.c.obj (.text:_system_pre_init)
                  20012f64    00000004                           : exit.c.obj (.text:abort:abort)

.const     0    20013ca4    0000051a     
                  20013ca4    00000101     rtsv7M4_T_le_eabi.lib : ctype.c.obj (.const:.string:_ctypes_)
                  20013da5    00000003     --HOLE-- [fill = 0]
                  20013da8    00000100     driverlib.a : pin.obj (.const:g_ulPinToPadMap)
                  20013ea8    000000a8                 : prcm.obj (.const:PRCM_PeriphRegsList)
                  20013f50    00000044     ti_drivers_config.obj (.const:PowerCC32XX_config)
                  20013f94    00000028     drivers_cc32xx.a : UARTCC32XX.oem4 (.const:UARTCC32XX_fxnTable)
                  20013fbc    00000024                      : UART.oem4 (.const:UART_defaultParams)
                  20013fe0    00000024     ti_drivers_config.obj (.const:uartCC32XXHWAttrs0)
                  20014004    00000021     drivers_cc32xx.a : GPIOCC32XX.oem4 (.const:.string:pinTable)
                  20014025    00000003     --HOLE-- [fill = 0]
                  20014028    00000020                      : TimerCC32XX.oem4 (.const:TimerCC32XX_fxnTable)
                  20014048    00000020                      : UARTCC32XX.oem4 (.const:staticFxnTable)
                  20014068    00000018     driverlib.a : interrupt.obj (.const:g_pulEnRegs)
                  20014080    00000018                 : interrupt.obj (.const:g_pulPendRegs)
                  20014098    00000018     gpiointerrupt.obj (.const:sensors)
                  200140b0    00000014     ti_drivers_config.obj (.const:GPIOCC32XX_config)
                  200140c4    00000014     drivers_cc32xx.a : GPIOCC32XX.oem4 (.const:gpioBaseAddresses)
                  200140d8    00000014     ti_drivers_config.obj (.const:i2cCC32XXHWAttrs)
                  200140ec    00000014     drivers_cc32xx.a : UARTCC32XX.oem4 (.const:parityType)
                  20014100    00000014                      : GPIOCC32XX.oem4 (.const:powerResources)
                  20014114    00000010                      : I2C.oem4 (.const:I2C_defaultParams)
                  20014124    00000010                      : I2CCC32XX.oem4 (.const:I2C_defaultParams)
                  20014134    00000010                      : UARTCC32XX.oem4 (.const:dataLength)
                  20014144    00000010     ti_drivers_config.obj (.const:timerCC32XXHWAttrs)
                  20014154    0000000c     gpiointerrupt.obj (.const:.string)
                  20014160    0000000c     ti_drivers_config.obj (.const:Timer_config)
                  2001416c    0000000c     ti_drivers_config.obj (.const:UART_config)
                  20014178    0000000c     drivers_cc32xx.a : Timer.oem4 (.const:defaultParams)
                  20014184    00000009     ti_drivers_config.obj (.const)
                  2001418d    00000003     --HOLE-- [fill = 0]
                  20014190    00000008     ti_drivers_config.obj (.const:I2C_config)
                  20014198    00000008     drivers_cc32xx.a : GPIOCC32XX.oem4 (.const:outPinTypes)
                  200141a0    00000008                      : UARTCC32XX.oem4 (.const:stopBits)
                  200141a8    00000006                      : GPIOCC32XX.oem4 (.const:.string:interruptType)
                  200141ae    00000006                      : GPIOCC32XX.oem4 (.const:inPinTypes)
                  200141b4    00000006                      : GPIOCC32XX.oem4 (.const:outPinStrengths)
                  200141ba    00000004                      : GPIOCC32XX.oem4 (.const:.string:portInterruptIds)

.cinit     0    200141c0    00000148     
                  200141c0    0000011f     (.cinit..data.load) [load image, compression = lzss]
                  200142df    00000001     --HOLE-- [fill = 0]
                  200142e0    0000000c     (__TI_handler_table)
                  200142ec    00000004     --HOLE-- [fill = 0]
                  200142f0    00000008     (.cinit..bss.load) [load image, compression = zero_init]
                  200142f8    00000010     (__TI_cinit_table)

.init_array 
*          0    20004000    00000000     UNINITIALIZED

.ramVecs   0    20000000    0000030c     NOLOAD SECTION
                  20000000    0000030c     nortos_cc32xx.a : startup_cc32xx_ccs.oem4 (.ramVecs)

.stack     0    20003000    00001000     UNINITIALIZED
                  20003000    00000004     rtsv7M4_T_le_eabi.lib : boot_cortex_m.c.obj (.stack)
                  20003004    00000ffc     --HOLE--

.resetVecs 
*          0    20004000    00000040     
                  20004000    00000040     nortos_cc32xx.a : startup_cc32xx_ccs.oem4 (.resetVecs:retain)

.sysmem    0    20004040    00008000     UNINITIALIZED
                  20004040    00000010     rtsv7M4_T_le_eabi.lib : memory.c.obj (.sysmem)
                  20004050    00007ff0     --HOLE--

.data      0    20012f68    000007a0     UNINITIALIZED
                  20012f68    0000030c     nortos_cc32xx.a : HwiPCC32XX_nortos.oem4 (.data:HwiP_dispatchTable)
                  20013274    0000016c     drivers_cc32xx.a : PowerCC32XX.oem4 (.data:PowerCC32XX_module)
                  200133e0    000000f8     ti_drivers_config.obj (.data:parkInfo)
                  200134d8    000000f0     rtsv7M4_T_le_eabi.lib : defs.c.obj (.data:_ftable)
                  200135c8    00000078                           : host_device.c.obj (.data:_device)
                  20013640    00000050                           : host_device.c.obj (.data:_stream)
                  20013690    00000010                           : defs.c.obj (.data)
                  200136a0    0000000c                           : exit.c.obj (.data:$O1$$)
                  200136ac    0000000c     ti_drivers_config.obj (.data:gpioCallbackFunctions)
                  200136b8    0000000c     ti_drivers_config.obj (.data:gpioPinConfigs)
                  200136c4    0000000c     gpiointerrupt.obj (.data)
                  200136d0    00000009     drivers_cc32xx.a : GPIOCC32XX.oem4 (.data)
                  200136d9    00000003     nortos_cc32xx.a : SemaphoreP_nortos.oem4 (.data)
                  200136dc    00000008     rtsv7M4_T_le_eabi.lib : _lock.c.obj (.data:$O1$$)
                  200136e4    00000008                           : memory.c.obj (.data:$O1$$)
                  200136ec    00000008     nortos_cc32xx.a : SemaphoreP_nortos.oem4 (.data:SemaphoreP_defaultParams)
                  200136f4    00000008                     : HwiPCC32XX_nortos.oem4 (.data)
                  200136fc    00000005                     : ClockPSysTick_nortos.oem4 (.data)
                  20013701    00000001     drivers_cc32xx.a : Timer.oem4 (.data)
                  20013702    00000001                      : UART.oem4 (.data)
                  20013703    00000001     --HOLE--
                  20013704    00000004     rtsv7M4_T_le_eabi.lib : errno.c.obj (.data)

.bss       0    20013708    0000059c     UNINITIALIZED
                  20013708    0000012c     (.common:PowerCC32XX_contextSave)
                  20013834    00000120     rtsv7M4_T_le_eabi.lib : trgmsg.c.obj (.bss:_CIOBUF_)
                  20013954    000000fc     (.common:i2cCC32XXObjects)
                  20013a50    000000a0     (.common:__TI_tmpnams)
                  20013af0    00000084     (.common:uartCC32XXObjects0)
                  20013b74    00000040     (.common:output)
                  20013bb4    00000034     (.common:timerCC32XXObjects)
                  20013be8    00000020     drivers_cc32xx.a : GPIOCC32XX.oem4 (.bss:gpioCallbackInfo)
                  20013c08    00000020     ti_drivers_config.obj (.bss:uartCC32XXRingBuffer0)
                  20013c28    00000020     (.common:i2cTransaction)
                  20013c48    00000014     drivers_cc32xx.a : GPIOCC32XX.oem4 (.bss:powerNotifyObj)
                  20013c5c    00000004                      : GPIOCC32XX.oem4 (.bss)
                  20013c60    00000010     (.common:ClockP_ctrl)
                  20013c70    0000000d     nortos_cc32xx.a : SwiP_nortos.oem4 (.bss)
                  20013c7d    00000008     (.common:parmbuf)
                  20013c85    00000003     --HOLE--
                  20013c88    00000004                     : ClockPSysTick_nortos.oem4 (.bss)
                  20013c8c    00000004     drivers_cc32xx.a : TimerCC32XX.oem4 (.bss:timerState)
                  20013c90    00000004     (.common:i2c)
                  20013c94    00000004     (.common:rxBuffer)
                  20013c98    00000004     (.common:timer0)
                  20013c9c    00000004     (.common:txBuffer)
                  20013ca0    00000004     (.common:uart)

.log_data 
*          0    90000000    00000000     COPY SECTION

__llvm_prf_cnts 
*          0    20004000    00000000     UNINITIALIZED

MODULE SUMMARY

       Module                       code    ro data   rw data
       ------                       ----    -------   -------
    .\
       gpiointerrupt.obj            1496    36        128    
       main_nortos.obj              18      0         0      
    +--+----------------------------+-------+---------+---------+
       Total:                       1514    36        128    
                                                             
    .\syscfg\
       ti_drivers_config.obj        18      201       740    
    +--+----------------------------+-------+---------+---------+
       Total:                       18      201       740    
                                                             
    C:/ti/simplelink_cc32xx_sdk_4_30_00_06/kernel/nortos/lib/ccs/m4/nortos_cc32xx.a
       HwiPCC32XX_nortos.oem4       394     0         788    
       startup_cc32xx_ccs.oem4      90      64        780    
       ClockPSysTick_nortos.oem4    702     0         25     
       PowerCC32XX_nortos.oem4      472     0         0      
       SemaphoreP_nortos.oem4       408     0         11     
       SwiP_nortos.oem4             96      0         13     
    +--+----------------------------+-------+---------+---------+
       Total:                       2162    64        1617   
                                                             
    C:/ti/simplelink_cc32xx_sdk_4_30_00_06/source/ti/devices/cc32xx/driverlib/ccs/Release/driverlib.a
       prcm.obj                     1604    168       0      
       pin.obj                      280     256       0      
       interrupt.obj                334     48        0      
       i2c.obj                      318     0         0      
       timer.obj                    264     0         0      
       flash.obj                    72      0         0      
       uart.obj                     48      0         0      
       cpu.obj                      20      0         0      
       utils.obj                    6       0         0      
    +--+----------------------------+-------+---------+---------+
       Total:                       2946    472       0      
                                                             
    C:/ti/simplelink_cc32xx_sdk_4_30_00_06/source/ti/drivers/lib/ccs/m4/drivers_cc32xx.a
       UARTCC32XX.oem4              3466    116       0      
       PowerCC32XX.oem4             2432    0         664    
       I2CCC32XX.oem4               1452    16        0      
       GPIOCC32XX.oem4              1208    103       65     
       TimerCC32XX.oem4             1132    32        4      
       I2C.oem4                     366     16        0      
       UART.oem4                    166     36        1      
       RingBuf.oem4                 198     0         0      
       Timer.oem4                   158     12        1      
       PowerCC32XX_asm.oem4         150     0         0      
       List.oem4                    76      0         0      
    +--+----------------------------+-------+---------+---------+
       Total:                       10804   331       735    
                                                             
    C:\ti\ccs1210\ccs\tools\compiler\ti-cgt-arm_20.2.7.LTS\lib\rtsv7M4_T_le_eabi.lib
       _printfi.c.obj               4835    0         0      
       memory.c.obj                 672     0         8      
       fd_add_t2.asm.obj            438     0         0      
       defs.c.obj                   0       0         416    
       trgmsg.c.obj                 108     0         288    
       fd_div_t2.asm.obj            310     0         0      
       fputs.c.obj                  276     0         0      
       fd_cmp_t2.asm.obj            268     0         0      
       ctype.c.obj                  0       257       0      
       fd_mul_t2.asm.obj            252     0         0      
       setvbuf.c.obj                220     0         0      
       s_scalbn.c.obj               208     0         0      
       host_device.c.obj            0       0         200    
       memcpy_t2.asm.obj            156     0         0      
       ull_div_t2.asm.obj           150     0         0      
       snprintf.c.obj               148     0         0      
       fputc.c.obj                  140     0         0      
       fs_mul_t2.asm.obj            122     0         0      
       memset_t2.asm.obj            122     0         0      
       fclose.c.obj                 116     0         0      
       getdevice.c.obj              116     0         0      
       printf.c.obj                 112     0         0      
       hostrename.c.obj             108     0         0      
       copy_decompress_lzss.c.obj   104     0         0      
       hostlseek.c.obj              104     0         0      
       hostopen.c.obj               96      0         8      
       fseek.c.obj                  100     0         0      
       _io_perm.c.obj               98      0         0      
       close.c.obj                  92      0         0      
       s_frexp.c.obj                92      0         0      
       exit.c.obj                   76      0         12     
       hostread.c.obj               88      0         0      
       hostwrite.c.obj              88      0         0      
       _ltoa.c.obj                  84      0         0      
       atoi.c.obj                   76      0         0      
       fflush.c.obj                 76      0         0      
       fd_toi_t2.asm.obj            72      0         0      
       autoinit.c.obj               68      0         0      
       hostclose.c.obj              68      0         0      
       hostunlink.c.obj             68      0         0      
       fs_toi_t2.asm.obj            56      0         0      
       i_tofs_t2.asm.obj            56      0         0      
       strncpy.c.obj                54      0         0      
       fopen.c.obj                  52      0         0      
       i_tofd_t2.asm.obj            46      0         0      
       unlink.c.obj                 44      0         0      
       lseek.c.obj                  40      0         0      
       write.c.obj                  40      0         0      
       boot_cortex_m.c.obj          36      0         0      
       memchr.c.obj                 32      0         0      
       memccpy.c.obj                28      0         0      
       ll_mul_t2.asm.obj            24      0         0      
       strcmp.c.obj                 24      0         0      
       strchr.c.obj                 22      0         0      
       strcpy.c.obj                 20      0         0      
       strlen.c.obj                 20      0         0      
       wcslen.c.obj                 18      0         0      
       copy_decompress_none.c.obj   14      0         0      
       copy_zero_init.c.obj         12      0         0      
       errno.c.obj                  8       0         4      
       s_copysign.c.obj             12      0         0      
       _lock.c.obj                  2       0         8      
       pre_init.c.obj               4       0         0      
       div0.asm.obj                 2       0         0      
    +--+----------------------------+-------+---------+---------+
       Total:                       10993   257       944    
                                                             
       Heap:                        0       0         32768  
       Stack:                       0       0         4096   
       Linker Generated:            0       323       0      
    +--+----------------------------+-------+---------+---------+
       Grand Total:                 28437   1684      41028  


LINKER GENERATED COPY TABLES

__TI_cinit_table @ 200142f8 records: 2, size/record: 8, table size: 16
	.data: load addr=200141c0, load size=0000011f bytes, run addr=20012f68, run size=000007a0 bytes, compression=lzss
	.bss: load addr=200142f0, load size=00000008 bytes, run addr=20013708, run size=0000059c bytes, compression=zero_init


LINKER GENERATED HANDLER TABLE

__TI_handler_table @ 200142e0 records: 3, size/record: 4, table size: 12
	index: 0, handler: __TI_decompress_lzss
	index: 1, handler: __TI_decompress_none
	index: 2, handler: __TI_zero_init


GLOBAL SYMBOLS: SORTED ALPHABETICALLY BY Name 

address   name                             
-------   ----                             
20012d41  Board_init                       
2000ca8f  Board_initHook                   
20012f65  C$$EXIT                          
200120b7  C$$IO$$                          
20014184  CONFIG_GPIO_BUTTON_0_CONST       
20014185  CONFIG_GPIO_BUTTON_1_CONST       
20014186  CONFIG_GPIO_LED_0_CONST          
20014187  CONFIG_I2C_0_CONST               
20014189  CONFIG_TIMER_0_CONST             
2001418b  CONFIG_UART_0_CONST              
20012c0b  CPUcpsid                         
20012ed9  ClockP_Params_init               
20012d51  ClockP_add                       
20011d6d  ClockP_construct                 
20012985  ClockP_create                    
20013c60  ClockP_ctrl                      
20012d61  ClockP_delete                    
20011f2d  ClockP_destruct                  
200114fd  ClockP_doTick                    
20012d71  ClockP_getCpuFreq                
20012d81  ClockP_getSystemTicks            
2001227d  ClockP_getTicksUntilInterrupt    
20012ee3  ClockP_isActive                  
20012d91  ClockP_setTicks                  
20012f4d  ClockP_setTimeout                
2001241d  ClockP_start                     
200122b1  ClockP_startup                   
20011a3d  ClockP_stop                      
200114fd  ClockP_sysTickHandler            
200136fc  ClockP_tickPeriod                
20011801  FlashDisable                     
200140b0  GPIOCC32XX_config                
200115ed  GPIO_enableInt                   
20010741  GPIO_hwiIntFxn                   
2000f2cd  GPIO_init                        
20010f35  GPIO_setCallback                 
2000d5fd  GPIO_setConfig                   
200110a5  GPIO_write                       
20011a81  HOSTclose                        
20010b49  HOSTlseek                        
20010e75  HOSTopen                         
200110fd  HOSTread                         
20010a71  HOSTrename                       
20011ac5  HOSTunlink                       
20011155  HOSTwrite                        
20012cd5  HwiP_Params_init                 
20012e21  HwiP_clearInterrupt              
20010011  HwiP_construct                   
20012565  HwiP_create                      
20012da1  HwiP_delete                      
200127fb  HwiP_destruct                    
20012e2f  HwiP_disable                     
20012e3d  HwiP_disableInterrupt            
2001276d  HwiP_dispatch                    
20012e4b  HwiP_enable                      
20012e59  HwiP_enableInterrupt             
20012c21  HwiP_inISR                       
200136f4  HwiP_key                         
20012f51  HwiP_post                        
20012db1  HwiP_restore                     
200136f8  HwiP_swiPIntNum                  
200126d5  I2CFIFODataGetNonBlocking        
200125e3  I2CFIFODataPutNonBlocking        
20012dc1  I2CFIFOStatus                    
20012b9d  I2CMasterBurstLengthSet          
200129d3  I2CMasterBusBusy                 
20012ce7  I2CMasterIntClearEx              
200129eb  I2CMasterIntDisableEx            
20012a03  I2CMasterIntEnableEx             
2001289d  I2CMasterIntStatusEx             
200127d9  I2CMasterSlaveAddrSet            
20012a1b  I2CRxFIFOFlush                   
20012c35  I2CSupport_masterFinish          
20012f35  I2CSupport_powerRelConstraint    
20012f3b  I2CSupport_powerSetConstraint    
20010add  I2CSupport_primeTransfer         
20012a33  I2CTxFIFOFlush                   
20012dd1  I2C_Params_init                  
200126fb  I2C_cancel                       
20014190  I2C_config                       
20014188  I2C_count                        
20014114  I2C_defaultParams                
2000db63  I2C_init                         
2000ec85  I2C_open                         
20012c49  I2C_transfer                     
2000e5ed  I2C_transferTimeout              
UNDEFED   ITM_flush                        
UNDEFED   ITM_restore                      
2000f9e5  IntEnable                        
20012eed  IntMasterDisable                 
20010129  IntPendSet                       
20012c5d  IntVTableBaseSet                 
20012721  List_put                         
20012747  List_remove                      
20012e4b  NoRTOS_start                     
2000ca91  PRCMCC3200MCUInit                
20012bb3  PRCMHIBRegRead                   
20012bc9  PRCMHIBRegWrite                  
20011849  PRCMLPDSEnter                    
20012019  PRCMLPDSEnterKeepDebugIf         
20011b09  PRCMLPDSRestoreInfoSet           
2001260d  PRCMPeripheralClkDisable         
20011891  PRCMPeripheralClkEnable          
200111ad  PRCMPeripheralReset              
20010ed5  PRCMSysResetCauseGet             
200101b1  PinConfigSet                     
200122e5  PinModeGet                       
20011dad  PinModeSet                       
20012915  PinToPadGet                      
20013f50  PowerCC32XX_config               
2000fa8d  PowerCC32XX_configureWakeup      
20013708  PowerCC32XX_contextSave          
20011b4d  PowerCC32XX_enterLPDS            
2001250d  PowerCC32XX_getParkState         
2000e4c3  PowerCC32XX_initPolicy           
20013274  PowerCC32XX_module               
20011685  PowerCC32XX_parkPin              
20012791  PowerCC32XX_reset                
20012319  PowerCC32XX_restoreParkState     
2001244d  PowerCC32XX_restoreParkedPin     
20011405  PowerCC32XX_resumeLPDS           
20010ce9  PowerCC32XX_setParkState         
2000db65  PowerCC32XX_sleepPolicy          
20012c71  Power_disablePolicy              
20012de1  Power_enablePolicy               
20012e9d  Power_getConstraintMask          
20012c85  Power_getDependencyCount         
20012a4d  Power_getTransitionLatency       
20012a65  Power_idleFunc                   
200103cd  Power_init                       
20012635  Power_registerNotify             
200118d9  Power_releaseConstraint          
20011205  Power_releaseDependency          
20011f69  Power_setConstraint              
200104d5  Power_setDependency              
2000e255  Power_sleep                      
2001281d  Power_unregisterNotify           
20012cf9  RingBuf_construct                
20011ded  RingBuf_get                      
20012e75  RingBuf_isFull                   
2001283d  RingBuf_peek                     
200119b1  RingBuf_put                      
20012df1  SemaphoreP_Params_init           
2001154d  SemaphoreP_construct             
200128bb  SemaphoreP_constructBinary       
20012bdf  SemaphoreP_create                
2001299f  SemaphoreP_createBinary          
200136ec  SemaphoreP_defaultParams         
20012f55  SemaphoreP_delete                
2000fc79  SemaphoreP_pend                  
20011b91  SemaphoreP_post                  
20012931  SwiP_disable                     
20011bd5  SwiP_restore                     
2001159d  TimerCC32XX_allocateTimerResource
20011fa5  TimerCC32XX_close                
20012f41  TimerCC32XX_control              
2001234d  TimerCC32XX_freeTimerResource    
20014028  TimerCC32XX_fxnTable             
20012a7d  TimerCC32XX_getCount             
2000e70f  TimerCC32XX_init                 
2000e4c5  TimerCC32XX_open                 
20010239  TimerCC32XX_setPeriod            
200107b9  TimerCC32XX_start                
2001125d  TimerCC32XX_stop                 
200121d9  TimerControlStall                
200128d9  TimerDisable                     
200128f7  TimerEnable                      
200136c4  TimerFlag                        
20012d0b  TimerIntClear                    
20012a95  TimerIntDisable                  
20012aad  TimerIntEnable                   
2001258f  TimerLoadSet                     
200125b9  TimerPrescaleSet                 
20012e01  Timer_Params_init                
20014160  Timer_config                     
2001418a  Timer_count                      
20011c19  Timer_init                       
20011e2d  Timer_open                       
20012ef7  Timer_start                      
20012ac5  UARTBusy                         
2000e711  UARTCC32XX_close                 
2000ee7d  UARTCC32XX_control               
20013f94  UARTCC32XX_fxnTable              
2000ef6f  UARTCC32XX_init                  
2000cebd  UARTCC32XX_open                  
20011e6d  UARTCC32XX_read                  
2001220f  UARTCC32XX_readCancel            
2000f451  UARTCC32XX_readPolling           
2000f201  UARTCC32XX_write                 
20010c81  UARTCC32XX_writeCancel           
20010db1  UARTCC32XX_writePolling          
20012add  UARTIntEnable                    
20012af5  UART_Params_init                 
2001416c  UART_config                      
2001418c  UART_count                       
20013fbc  UART_defaultParams               
20011c5d  UART_init                        
20011ead  UART_open                        
20012f01  UART_write                       
20012f47  UtilsDelay                       
20013834  __CIOBUF_                        
20004000  __STACK_END                      
00001000  __STACK_SIZE                     
00008000  __SYSMEM_SIZE                    
200142f8  __TI_CINIT_Base                  
20014308  __TI_CINIT_Limit                 
200142e0  __TI_Handler_Table_Base          
200142ec  __TI_Handler_Table_Limit         
20011ca1  __TI_auto_init_nobinit_nopinit   
20012381  __TI_cleanup                     
200136a0  __TI_cleanup_ptr                 
2001091d  __TI_closefile                   
20010bb1  __TI_decompress_lzss             
20012e83  __TI_decompress_none             
200116d1  __TI_doflush                     
200136a4  __TI_dtors_ptr                   
200136a8  __TI_enable_exit_profile_output  
20013690  __TI_ft_end                      
20011309  __TI_ltoa                        
ffffffff  __TI_pprof_out_hndl              
2000c041  __TI_printfi                     
ffffffff  __TI_prof_data_size              
ffffffff  __TI_prof_data_start             
200123b5  __TI_readmsg                     
200141c0  __TI_static_base__               
20013a50  __TI_tmpnams                     
20012089  __TI_writemsg                    
20010e13  __TI_wrt_ok                      
20012eb5  __TI_zero_init                   
200102c1  __aeabi_cdcmpeq                  
200102c1  __aeabi_cdcmple                  
20010347  __aeabi_cdrcmple                 
20011969  __aeabi_d2iz                     
2000d9b7  __aeabi_dadd                     
2000e38d  __aeabi_ddiv                     
2000ed81  __aeabi_dmul                     
2000d9ad  __aeabi_dsub                     
20012f15  __aeabi_errno_addr               
20012169  __aeabi_f2iz                     
2001064b  __aeabi_fmul                     
200124dd  __aeabi_i2d                      
200121a1  __aeabi_i2f                      
20010ce7  __aeabi_idiv0                    
20010ce7  __aeabi_ldiv0                    
20012b55  __aeabi_lmul                     
200106c5  __aeabi_memclr                   
200106c5  __aeabi_memclr4                  
200106c5  __aeabi_memclr8                  
2000fdb5  __aeabi_memcpy                   
2000fdb5  __aeabi_memcpy4                  
2000fdb5  __aeabi_memcpy8                  
200106c7  __aeabi_memset                   
200106c7  __aeabi_memset4                  
200106c7  __aeabi_memset8                  
2001369c  __aeabi_stderr                   
20013694  __aeabi_stdin                    
20013698  __aeabi_stdout                   
2000fee9  __aeabi_uldivmod                 
ffffffff  __binit__                        
ffffffff  __c_args__                       
UNDEFED   __mpu_init                       
20003000  __stack                          
20004000  __start___llvm_prf_cnts          
20004000  __stop___llvm_prf_cnts           
200127b5  _c_int00_noargs                  
20013ca4  _ctypes_                         
200135c8  _device                          
200134d8  _ftable                          
200136dc  _lock                            
2000f2cb  _nop                             
20013640  _stream                          
20004040  _sys_memory                      
UNDEFED   _system_post_cinit               
20012f61  _system_pre_init                 
200136e0  _unlock                          
20012f65  abort                            
2000eb85  aligned_alloc                    
2001171d  atoi                             
ffffffff  binit                            
2000ff7f  clkFxn                           
20010f91  close                            
20012ea9  copysign                         
20012ea9  copysignl                        
20013704  errno                            
20011921  exit                             
200124ad  finddevice                       
2001009d  fputc                            
2000ea71  fputs                            
2000ef71  free                             
20010fed  frexp                            
20010fed  frexpl                           
20010d4d  fseek                            
20011ce5  getdevice                        
20012b25  gpioButtonFxn0                   
20012b3d  gpioButtonFxn1                   
200136ac  gpioCallbackFunctions            
200136b8  gpioPinConfigs                   
20013c90  i2c                              
200140d8  i2cCC32XXHWAttrs                 
20013954  i2cCC32XXObjects                 
20013c28  i2cTransaction                   
200141ae  inPinTypes                       
2000d3ad  initI2C                          
2001135d  initTimer                        
20011d29  initUART                         
200120f9  initVectors                      
2000f131  ldexp                            
2000f131  ldexpl                           
200136c8  leftBtn                          
20012685  lseek                            
20012d1d  main                             
2000dd01  mainThread                       
20012f1d  malloc                           
2000eb85  memalign                         
20012969  memccpy                          
2001287d  memchr                           
2000fdb5  memcpy                           
200106cd  memset                           
200141b4  outPinStrengths                  
20014198  outPinTypes                      
20013b74  output                           
200133e0  parkInfo                         
20013c7d  parmbuf                          
20010c19  printf                           
2001009d  putc                             
2000e951  readTemp                         
20012539  remove                           
200129b9  resetISR                         
200129cc  resetVectorAddr                  
20004000  resetVectors                     
200136cc  rightBtn                         
20013c94  rxBuffer                         
2000f131  scalbn                           
2000f131  scalbnl                          
2000f055  setvbuf                          
200117b5  snprintf                         
20012bf5  strchr                           
20012b6d  strcmp                           
20012cad  strcpy                           
20012cc1  strlen                           
20012245  strncpy                          
20013c98  timer0                           
20014144  timerCC32XXHWAttrs               
20013bb4  timerCC32XXObjects               
20012b85  timerCallback                    
20013c9c  txBuffer                         
20013ca0  uart                             
20013af0  uartCC32XXObjects0               
20012539  unlink                           
20012d2f  wcslen                           
200126ad  write                            


GLOBAL SYMBOLS: SORTED BY Symbol Address 

address   name                             
-------   ----                             
00001000  __STACK_SIZE                     
00008000  __SYSMEM_SIZE                    
20003000  __stack                          
20004000  __STACK_END                      
20004000  __start___llvm_prf_cnts          
20004000  __stop___llvm_prf_cnts           
20004000  resetVectors                     
20004040  _sys_memory                      
2000c041  __TI_printfi                     
2000ca8f  Board_initHook                   
2000ca91  PRCMCC3200MCUInit                
2000cebd  UARTCC32XX_open                  
2000d3ad  initI2C                          
2000d5fd  GPIO_setConfig                   
2000d9ad  __aeabi_dsub                     
2000d9b7  __aeabi_dadd                     
2000db63  I2C_init                         
2000db65  PowerCC32XX_sleepPolicy          
2000dd01  mainThread                       
2000e255  Power_sleep                      
2000e38d  __aeabi_ddiv                     
2000e4c3  PowerCC32XX_initPolicy           
2000e4c5  TimerCC32XX_open                 
2000e5ed  I2C_transferTimeout              
2000e70f  TimerCC32XX_init                 
2000e711  UARTCC32XX_close                 
2000e951  readTemp                         
2000ea71  fputs                            
2000eb85  aligned_alloc                    
2000eb85  memalign                         
2000ec85  I2C_open                         
2000ed81  __aeabi_dmul                     
2000ee7d  UARTCC32XX_control               
2000ef6f  UARTCC32XX_init                  
2000ef71  free                             
2000f055  setvbuf                          
2000f131  ldexp                            
2000f131  ldexpl                           
2000f131  scalbn                           
2000f131  scalbnl                          
2000f201  UARTCC32XX_write                 
2000f2cb  _nop                             
2000f2cd  GPIO_init                        
2000f451  UARTCC32XX_readPolling           
2000f9e5  IntEnable                        
2000fa8d  PowerCC32XX_configureWakeup      
2000fc79  SemaphoreP_pend                  
2000fdb5  __aeabi_memcpy                   
2000fdb5  __aeabi_memcpy4                  
2000fdb5  __aeabi_memcpy8                  
2000fdb5  memcpy                           
2000fee9  __aeabi_uldivmod                 
2000ff7f  clkFxn                           
20010011  HwiP_construct                   
2001009d  fputc                            
2001009d  putc                             
20010129  IntPendSet                       
200101b1  PinConfigSet                     
20010239  TimerCC32XX_setPeriod            
200102c1  __aeabi_cdcmpeq                  
200102c1  __aeabi_cdcmple                  
20010347  __aeabi_cdrcmple                 
200103cd  Power_init                       
200104d5  Power_setDependency              
2001064b  __aeabi_fmul                     
200106c5  __aeabi_memclr                   
200106c5  __aeabi_memclr4                  
200106c5  __aeabi_memclr8                  
200106c7  __aeabi_memset                   
200106c7  __aeabi_memset4                  
200106c7  __aeabi_memset8                  
200106cd  memset                           
20010741  GPIO_hwiIntFxn                   
200107b9  TimerCC32XX_start                
2001091d  __TI_closefile                   
20010a71  HOSTrename                       
20010add  I2CSupport_primeTransfer         
20010b49  HOSTlseek                        
20010bb1  __TI_decompress_lzss             
20010c19  printf                           
20010c81  UARTCC32XX_writeCancel           
20010ce7  __aeabi_idiv0                    
20010ce7  __aeabi_ldiv0                    
20010ce9  PowerCC32XX_setParkState         
20010d4d  fseek                            
20010db1  UARTCC32XX_writePolling          
20010e13  __TI_wrt_ok                      
20010e75  HOSTopen                         
20010ed5  PRCMSysResetCauseGet             
20010f35  GPIO_setCallback                 
20010f91  close                            
20010fed  frexp                            
20010fed  frexpl                           
200110a5  GPIO_write                       
200110fd  HOSTread                         
20011155  HOSTwrite                        
200111ad  PRCMPeripheralReset              
20011205  Power_releaseDependency          
2001125d  TimerCC32XX_stop                 
20011309  __TI_ltoa                        
2001135d  initTimer                        
20011405  PowerCC32XX_resumeLPDS           
200114fd  ClockP_doTick                    
200114fd  ClockP_sysTickHandler            
2001154d  SemaphoreP_construct             
2001159d  TimerCC32XX_allocateTimerResource
200115ed  GPIO_enableInt                   
20011685  PowerCC32XX_parkPin              
200116d1  __TI_doflush                     
2001171d  atoi                             
200117b5  snprintf                         
20011801  FlashDisable                     
20011849  PRCMLPDSEnter                    
20011891  PRCMPeripheralClkEnable          
200118d9  Power_releaseConstraint          
20011921  exit                             
20011969  __aeabi_d2iz                     
200119b1  RingBuf_put                      
20011a3d  ClockP_stop                      
20011a81  HOSTclose                        
20011ac5  HOSTunlink                       
20011b09  PRCMLPDSRestoreInfoSet           
20011b4d  PowerCC32XX_enterLPDS            
20011b91  SemaphoreP_post                  
20011bd5  SwiP_restore                     
20011c19  Timer_init                       
20011c5d  UART_init                        
20011ca1  __TI_auto_init_nobinit_nopinit   
20011ce5  getdevice                        
20011d29  initUART                         
20011d6d  ClockP_construct                 
20011dad  PinModeSet                       
20011ded  RingBuf_get                      
20011e2d  Timer_open                       
20011e6d  UARTCC32XX_read                  
20011ead  UART_open                        
20011f2d  ClockP_destruct                  
20011f69  Power_setConstraint              
20011fa5  TimerCC32XX_close                
20012019  PRCMLPDSEnterKeepDebugIf         
20012089  __TI_writemsg                    
200120b7  C$$IO$$                          
200120f9  initVectors                      
20012169  __aeabi_f2iz                     
200121a1  __aeabi_i2f                      
200121d9  TimerControlStall                
2001220f  UARTCC32XX_readCancel            
20012245  strncpy                          
2001227d  ClockP_getTicksUntilInterrupt    
200122b1  ClockP_startup                   
200122e5  PinModeGet                       
20012319  PowerCC32XX_restoreParkState     
2001234d  TimerCC32XX_freeTimerResource    
20012381  __TI_cleanup                     
200123b5  __TI_readmsg                     
2001241d  ClockP_start                     
2001244d  PowerCC32XX_restoreParkedPin     
200124ad  finddevice                       
200124dd  __aeabi_i2d                      
2001250d  PowerCC32XX_getParkState         
20012539  remove                           
20012539  unlink                           
20012565  HwiP_create                      
2001258f  TimerLoadSet                     
200125b9  TimerPrescaleSet                 
200125e3  I2CFIFODataPutNonBlocking        
2001260d  PRCMPeripheralClkDisable         
20012635  Power_registerNotify             
20012685  lseek                            
200126ad  write                            
200126d5  I2CFIFODataGetNonBlocking        
200126fb  I2C_cancel                       
20012721  List_put                         
20012747  List_remove                      
2001276d  HwiP_dispatch                    
20012791  PowerCC32XX_reset                
200127b5  _c_int00_noargs                  
200127d9  I2CMasterSlaveAddrSet            
200127fb  HwiP_destruct                    
2001281d  Power_unregisterNotify           
2001283d  RingBuf_peek                     
2001287d  memchr                           
2001289d  I2CMasterIntStatusEx             
200128bb  SemaphoreP_constructBinary       
200128d9  TimerDisable                     
200128f7  TimerEnable                      
20012915  PinToPadGet                      
20012931  SwiP_disable                     
20012969  memccpy                          
20012985  ClockP_create                    
2001299f  SemaphoreP_createBinary          
200129b9  resetISR                         
200129cc  resetVectorAddr                  
200129d3  I2CMasterBusBusy                 
200129eb  I2CMasterIntDisableEx            
20012a03  I2CMasterIntEnableEx             
20012a1b  I2CRxFIFOFlush                   
20012a33  I2CTxFIFOFlush                   
20012a4d  Power_getTransitionLatency       
20012a65  Power_idleFunc                   
20012a7d  TimerCC32XX_getCount             
20012a95  TimerIntDisable                  
20012aad  TimerIntEnable                   
20012ac5  UARTBusy                         
20012add  UARTIntEnable                    
20012af5  UART_Params_init                 
20012b25  gpioButtonFxn0                   
20012b3d  gpioButtonFxn1                   
20012b55  __aeabi_lmul                     
20012b6d  strcmp                           
20012b85  timerCallback                    
20012b9d  I2CMasterBurstLengthSet          
20012bb3  PRCMHIBRegRead                   
20012bc9  PRCMHIBRegWrite                  
20012bdf  SemaphoreP_create                
20012bf5  strchr                           
20012c0b  CPUcpsid                         
20012c21  HwiP_inISR                       
20012c35  I2CSupport_masterFinish          
20012c49  I2C_transfer                     
20012c5d  IntVTableBaseSet                 
20012c71  Power_disablePolicy              
20012c85  Power_getDependencyCount         
20012cad  strcpy                           
20012cc1  strlen                           
20012cd5  HwiP_Params_init                 
20012ce7  I2CMasterIntClearEx              
20012cf9  RingBuf_construct                
20012d0b  TimerIntClear                    
20012d1d  main                             
20012d2f  wcslen                           
20012d41  Board_init                       
20012d51  ClockP_add                       
20012d61  ClockP_delete                    
20012d71  ClockP_getCpuFreq                
20012d81  ClockP_getSystemTicks            
20012d91  ClockP_setTicks                  
20012da1  HwiP_delete                      
20012db1  HwiP_restore                     
20012dc1  I2CFIFOStatus                    
20012dd1  I2C_Params_init                  
20012de1  Power_enablePolicy               
20012df1  SemaphoreP_Params_init           
20012e01  Timer_Params_init                
20012e21  HwiP_clearInterrupt              
20012e2f  HwiP_disable                     
20012e3d  HwiP_disableInterrupt            
20012e4b  HwiP_enable                      
20012e4b  NoRTOS_start                     
20012e59  HwiP_enableInterrupt             
20012e75  RingBuf_isFull                   
20012e83  __TI_decompress_none             
20012e9d  Power_getConstraintMask          
20012ea9  copysign                         
20012ea9  copysignl                        
20012eb5  __TI_zero_init                   
20012ed9  ClockP_Params_init               
20012ee3  ClockP_isActive                  
20012eed  IntMasterDisable                 
20012ef7  Timer_start                      
20012f01  UART_write                       
20012f15  __aeabi_errno_addr               
20012f1d  malloc                           
20012f35  I2CSupport_powerRelConstraint    
20012f3b  I2CSupport_powerSetConstraint    
20012f41  TimerCC32XX_control              
20012f47  UtilsDelay                       
20012f4d  ClockP_setTimeout                
20012f51  HwiP_post                        
20012f55  SemaphoreP_delete                
20012f61  _system_pre_init                 
20012f65  C$$EXIT                          
20012f65  abort                            
20013274  PowerCC32XX_module               
200133e0  parkInfo                         
200134d8  _ftable                          
200135c8  _device                          
20013640  _stream                          
20013690  __TI_ft_end                      
20013694  __aeabi_stdin                    
20013698  __aeabi_stdout                   
2001369c  __aeabi_stderr                   
200136a0  __TI_cleanup_ptr                 
200136a4  __TI_dtors_ptr                   
200136a8  __TI_enable_exit_profile_output  
200136ac  gpioCallbackFunctions            
200136b8  gpioPinConfigs                   
200136c4  TimerFlag                        
200136c8  leftBtn                          
200136cc  rightBtn                         
200136dc  _lock                            
200136e0  _unlock                          
200136ec  SemaphoreP_defaultParams         
200136f4  HwiP_key                         
200136f8  HwiP_swiPIntNum                  
200136fc  ClockP_tickPeriod                
20013704  errno                            
20013708  PowerCC32XX_contextSave          
20013834  __CIOBUF_                        
20013954  i2cCC32XXObjects                 
20013a50  __TI_tmpnams                     
20013af0  uartCC32XXObjects0               
20013b74  output                           
20013bb4  timerCC32XXObjects               
20013c28  i2cTransaction                   
20013c60  ClockP_ctrl                      
20013c7d  parmbuf                          
20013c90  i2c                              
20013c94  rxBuffer                         
20013c98  timer0                           
20013c9c  txBuffer                         
20013ca0  uart                             
20013ca4  _ctypes_                         
20013f50  PowerCC32XX_config               
20013f94  UARTCC32XX_fxnTable              
20013fbc  UART_defaultParams               
20014028  TimerCC32XX_fxnTable             
200140b0  GPIOCC32XX_config                
200140d8  i2cCC32XXHWAttrs                 
20014114  I2C_defaultParams                
20014144  timerCC32XXHWAttrs               
20014160  Timer_config                     
2001416c  UART_config                      
20014184  CONFIG_GPIO_BUTTON_0_CONST       
20014185  CONFIG_GPIO_BUTTON_1_CONST       
20014186  CONFIG_GPIO_LED_0_CONST          
20014187  CONFIG_I2C_0_CONST               
20014188  I2C_count                        
20014189  CONFIG_TIMER_0_CONST             
2001418a  Timer_count                      
2001418b  CONFIG_UART_0_CONST              
2001418c  UART_count                       
20014190  I2C_config                       
20014198  outPinTypes                      
200141ae  inPinTypes                       
200141b4  outPinStrengths                  
200141c0  __TI_static_base__               
200142e0  __TI_Handler_Table_Base          
200142ec  __TI_Handler_Table_Limit         
200142f8  __TI_CINIT_Base                  
20014308  __TI_CINIT_Limit                 
ffffffff  __TI_pprof_out_hndl              
ffffffff  __TI_prof_data_size              
ffffffff  __TI_prof_data_start             
ffffffff  __binit__                        
ffffffff  __c_args__                       
ffffffff  binit                            
UNDEFED   ITM_flush                        
UNDEFED   ITM_restore                      
UNDEFED   __mpu_init                       
UNDEFED   _system_post_cinit               

[351 symbols]
